This is pdfTeX, Version 3.14159265-2.6-1.40.19 (TeX Live 2018) (preloaded format=pdflatex 2026.3.9)  30 MAY 2026 12:47
entering extended mode
 restricted \write18 enabled.
 %&-line parsing enabled.
**main.tex
(./main.tex
LaTeX2e <2017-04-15>
Babel <3.17> and hyphenation patterns for 3 language(s) loaded.
(/usr/share/texlive/texmf-dist/tex/latex/base/article.cls
Document Class: article 2014/09/29 v1.4h Standard LaTeX document class
(/usr/share/texlive/texmf-dist/tex/latex/base/size11.clo
File: size11.clo 2014/09/29 v1.4h Standard LaTeX file (size option)
)
\c@part=\count79
\c@section=\count80
\c@subsection=\count81
\c@subsubsection=\count82
\c@paragraph=\count83
\c@subparagraph=\count84
\c@figure=\count85
\c@table=\count86
\abovecaptionskip=\skip41
\belowcaptionskip=\skip42
\bibindent=\dimen102
) (./preamble.tex
(/usr/share/texlive/texmf-dist/tex/latex/geometry/geometry.sty
Package: geometry 2010/09/12 v5.6 Page Geometry

(/usr/share/texlive/texmf-dist/tex/latex/graphics/keyval.sty
Package: keyval 2014/10/28 v1.15 key=value parser (DPC)
\KV@toks@=\toks14
)
(/usr/share/texlive/texmf-dist/tex/generic/oberdiek/ifpdf.sty
Package: ifpdf 2017/03/15 v3.2 Provides the ifpdf switch
)
(/usr/share/texlive/texmf-dist/tex/generic/oberdiek/ifvtex.sty
Package: ifvtex 2016/05/16 v1.6 Detect VTeX and its facilities (HO)
Package ifvtex Info: VTeX not detected.
)
(/usr/share/texlive/texmf-dist/tex/generic/ifxetex/ifxetex.sty
Package: ifxetex 2010/09/12 v0.6 Provides ifxetex conditional
)
\Gm@cnth=\count87
\Gm@cntv=\count88
\c@Gm@tempcnt=\count89
\Gm@bindingoffset=\dimen103
\Gm@wd@mp=\dimen104
\Gm@odd@mp=\dimen105
\Gm@even@mp=\dimen106
\Gm@layoutwidth=\dimen107
\Gm@layoutheight=\dimen108
\Gm@layouthoffset=\dimen109
\Gm@layoutvoffset=\dimen110
\Gm@dimlist=\toks15
)
(/usr/share/texlive/texmf-dist/tex/latex/fancyhdr/fancyhdr.sty
Package: fancyhdr 2017/06/30 v3.9a Extensive control of page headers and footer
s
\f@nch@headwidth=\skip43
\f@nch@O@elh=\skip44
\f@nch@O@erh=\skip45
\f@nch@O@olh=\skip46
\f@nch@O@orh=\skip47
\f@nch@O@elf=\skip48
\f@nch@O@erf=\skip49
\f@nch@O@olf=\skip50
\f@nch@O@orf=\skip51
)
(/usr/share/texlive/texmf-dist/tex/latex/graphics/graphicx.sty
Package: graphicx 2017/06/01 v1.1a Enhanced LaTeX Graphics (DPC,SPQR)

(/usr/share/texlive/texmf-dist/tex/latex/graphics/graphics.sty
Package: graphics 2017/06/25 v1.2c Standard LaTeX Graphics (DPC,SPQR)

(/usr/share/texlive/texmf-dist/tex/latex/graphics/trig.sty
Package: trig 2016/01/03 v1.10 sin cos tan (DPC)
)
(/usr/share/texlive/texmf-dist/tex/latex/graphics-cfg/graphics.cfg
File: graphics.cfg 2016/06/04 v1.11 sample graphics configuration
)
Package graphics Info: Driver file: pdftex.def on input line 99.

(/usr/share/texlive/texmf-dist/tex/latex/graphics-def/pdftex.def
File: pdftex.def 2017/06/24 v1.0g Graphics/color driver for pdftex
))
\Gin@req@height=\dimen111
\Gin@req@width=\dimen112
)
(/usr/share/texlive/texmf-dist/tex/latex/eso-pic/eso-pic.sty
Package: eso-pic 2015/07/21 v2.0g eso-pic (RN)

(/usr/share/texlive/texmf-dist/tex/generic/oberdiek/atbegshi.sty
Package: atbegshi 2016/06/09 v1.18 At begin shipout hook (HO)

(/usr/share/texlive/texmf-dist/tex/generic/oberdiek/infwarerr.sty
Package: infwarerr 2016/05/16 v1.4 Providing info/warning/error messages (HO)
)
(/usr/share/texlive/texmf-dist/tex/generic/oberdiek/ltxcmds.sty
Package: ltxcmds 2016/05/16 v1.23 LaTeX kernel commands for general use (HO)
))
(/usr/share/texlive/texmf-dist/tex/latex/xcolor/xcolor.sty
Package: xcolor 2016/05/11 v2.12 LaTeX color extensions (UK)

(/usr/share/texlive/texmf-dist/tex/latex/graphics-cfg/color.cfg
File: color.cfg 2016/01/02 v1.6 sample color configuration
)
Package xcolor Info: Driver file: pdftex.def on input line 225.

(/usr/share/texlive/texmf-dist/tex/latex/colortbl/colortbl.sty
Package: colortbl 2012/02/13 v1.0a Color table columns (DPC)

(/usr/share/texlive/texmf-dist/tex/latex/tools/array.sty
Package: array 2016/10/06 v2.4d Tabular extension package (FMi)
\col@sep=\dimen113
\extrarowheight=\dimen114
\NC@list=\toks16
\extratabsurround=\skip52
\backup@length=\skip53
)
\everycr=\toks17
\minrowclearance=\skip54
)
\rownum=\count90
Package xcolor Info: Model `cmy' substituted by `cmy0' on input line 1348.
Package xcolor Info: Model `hsb' substituted by `rgb' on input line 1352.
Package xcolor Info: Model `RGB' extended on input line 1364.
Package xcolor Info: Model `HTML' substituted by `rgb' on input line 1366.
Package xcolor Info: Model `Hsb' substituted by `hsb' on input line 1367.
Package xcolor Info: Model `tHsb' substituted by `hsb' on input line 1368.
Package xcolor Info: Model `HSB' substituted by `hsb' on input line 1369.
Package xcolor Info: Model `Gray' substituted by `gray' on input line 1370.
Package xcolor Info: Model `wave' substituted by `hsb' on input line 1371.
))
(/usr/share/texlive/texmf-dist/tex/latex/oberdiek/transparent.sty
Package: transparent 2016/05/16 v1.1 Transparency via pdfTeX's color stack (HO)


(/usr/share/texlive/texmf-dist/tex/latex/oberdiek/auxhook.sty
Package: auxhook 2016/05/16 v1.4 Hooks for auxiliary files (HO)
))
(/usr/share/texlive/texmf-dist/tex/latex/url/url.sty
\Urlmuskip=\muskip10
Package: url 2013/09/16  ver 3.4  Verb mode for urls, etc.
)
(/usr/share/texlive/texmf-dist/tex/latex/hyperref/hyperref.sty
Package: hyperref 2017/03/14 v6.85a Hypertext links for LaTeX

(/usr/share/texlive/texmf-dist/tex/generic/oberdiek/hobsub-hyperref.sty
Package: hobsub-hyperref 2016/05/16 v1.14 Bundle oberdiek, subset hyperref (HO)


(/usr/share/texlive/texmf-dist/tex/generic/oberdiek/hobsub-generic.sty
Package: hobsub-generic 2016/05/16 v1.14 Bundle oberdiek, subset generic (HO)
Package: hobsub 2016/05/16 v1.14 Construct package bundles (HO)
Package hobsub Info: Skipping package `infwarerr' (already loaded).
Package hobsub Info: Skipping package `ltxcmds' (already loaded).
Package: ifluatex 2016/05/16 v1.4 Provides the ifluatex switch (HO)
Package ifluatex Info: LuaTeX not detected.
Package hobsub Info: Skipping package `ifvtex' (already loaded).
Package: intcalc 2016/05/16 v1.2 Expandable calculations with integers (HO)
Package hobsub Info: Skipping package `ifpdf' (already loaded).
Package: etexcmds 2016/05/16 v1.6 Avoid name clashes with e-TeX commands (HO)
Package etexcmds Info: Could not find \expanded.
(etexcmds)             That can mean that you are not using pdfTeX 1.50 or
(etexcmds)             that some package has redefined \expanded.
(etexcmds)             In the latter case, load this package earlier.
Package: kvsetkeys 2016/05/16 v1.17 Key value parser (HO)
Package: kvdefinekeys 2016/05/16 v1.4 Define keys (HO)
Package: pdftexcmds 2017/03/19 v0.25 Utility functions of pdfTeX for LuaTeX (HO
)
Package pdftexcmds Info: LuaTeX not detected.
Package pdftexcmds Info: \pdf@primitive is available.
Package pdftexcmds Info: \pdf@ifprimitive is available.
Package pdftexcmds Info: \pdfdraftmode found.
Package: pdfescape 2016/05/16 v1.14 Implements pdfTeX's escape features (HO)
Package: bigintcalc 2016/05/16 v1.4 Expandable calculations on big integers (HO
)
Package: bitset 2016/05/16 v1.2 Handle bit-vector datatype (HO)
Package: uniquecounter 2016/05/16 v1.3 Provide unlimited unique counter (HO)
)
Package hobsub Info: Skipping package `hobsub' (already loaded).
Package: letltxmacro 2016/05/16 v1.5 Let assignment for LaTeX macros (HO)
Package: hopatch 2016/05/16 v1.3 Wrapper for package hooks (HO)
Package: xcolor-patch 2016/05/16 xcolor patch
Package: atveryend 2016/05/16 v1.9 Hooks at the very end of document (HO)
Package atveryend Info: \enddocument detected (standard20110627).
Package hobsub Info: Skipping package `atbegshi' (already loaded).
Package: refcount 2016/05/16 v3.5 Data extraction from label references (HO)
Package: hycolor 2016/05/16 v1.8 Color options for hyperref/bookmark (HO)
)
(/usr/share/texlive/texmf-dist/tex/latex/oberdiek/kvoptions.sty
Package: kvoptions 2016/05/16 v3.12 Key value format for package options (HO)
)
\@linkdim=\dimen115
\Hy@linkcounter=\count91
\Hy@pagecounter=\count92

(/usr/share/texlive/texmf-dist/tex/latex/hyperref/pd1enc.def
File: pd1enc.def 2017/03/14 v6.85a Hyperref: PDFDocEncoding definition (HO)
)
\Hy@SavedSpaceFactor=\count93

(/usr/share/texlive/texmf-dist/tex/latex/latexconfig/hyperref.cfg
File: hyperref.cfg 2002/06/06 v1.2 hyperref configuration of TeXLive
)
Package hyperref Info: Hyper figures OFF on input line 4498.
Package hyperref Info: Link nesting OFF on input line 4503.
Package hyperref Info: Hyper index ON on input line 4506.
Package hyperref Info: Plain pages OFF on input line 4513.
Package hyperref Info: Backreferencing OFF on input line 4518.
Package hyperref Info: Implicit mode ON; LaTeX internals redefined.
Package hyperref Info: Bookmarks ON on input line 4751.
\c@Hy@tempcnt=\count94
LaTeX Info: Redefining \url on input line 5104.
\XeTeXLinkMargin=\dimen116
\Fld@menulength=\count95
\Field@Width=\dimen117
\Fld@charsize=\dimen118
Package hyperref Info: Hyper figures OFF on input line 6358.
Package hyperref Info: Link nesting OFF on input line 6363.
Package hyperref Info: Hyper index ON on input line 6366.
Package hyperref Info: backreferencing OFF on input line 6373.
Package hyperref Info: Link coloring OFF on input line 6378.
Package hyperref Info: Link coloring with OCG OFF on input line 6383.
Package hyperref Info: PDF/A mode OFF on input line 6388.
LaTeX Info: Redefining \ref on input line 6428.
LaTeX Info: Redefining \pageref on input line 6432.
\Hy@abspage=\count96
\c@Item=\count97
\c@Hfootnote=\count98
)

Package hyperref Message: Driver (autodetected): hpdftex.

(/usr/share/texlive/texmf-dist/tex/latex/hyperref/hpdftex.def
File: hpdftex.def 2017/03/14 v6.85a Hyperref driver for pdfTeX
\Fld@listcount=\count99
\c@bookmark@seq@number=\count100

(/usr/share/texlive/texmf-dist/tex/latex/oberdiek/rerunfilecheck.sty
Package: rerunfilecheck 2016/05/16 v1.8 Rerun checks for auxiliary files (HO)
Package uniquecounter Info: New unique counter `rerunfilecheck' on input line 2
82.
)
\Hy@SectionHShift=\skip55
)
(/usr/share/texlive/texmf-dist/tex/latex/amsmath/amsmath.sty
Package: amsmath 2017/09/02 v2.17a AMS math features
\@mathmargin=\skip56

For additional information on amsmath, use the `?' option.
(/usr/share/texlive/texmf-dist/tex/latex/amsmath/amstext.sty
Package: amstext 2000/06/29 v2.01 AMS text

(/usr/share/texlive/texmf-dist/tex/latex/amsmath/amsgen.sty
File: amsgen.sty 1999/11/30 v2.0 generic functions
\@emptytoks=\toks18
\ex@=\dimen119
))
(/usr/share/texlive/texmf-dist/tex/latex/amsmath/amsbsy.sty
Package: amsbsy 1999/11/29 v1.2d Bold Symbols
\pmbraise@=\dimen120
)
(/usr/share/texlive/texmf-dist/tex/latex/amsmath/amsopn.sty
Package: amsopn 2016/03/08 v2.02 operator names
)
\inf@bad=\count101
LaTeX Info: Redefining \frac on input line 213.
\uproot@=\count102
\leftroot@=\count103
LaTeX Info: Redefining \overline on input line 375.
\classnum@=\count104
\DOTSCASE@=\count105
LaTeX Info: Redefining \ldots on input line 472.
LaTeX Info: Redefining \dots on input line 475.
LaTeX Info: Redefining \cdots on input line 596.
\Mathstrutbox@=\box26
\strutbox@=\box27
\big@size=\dimen121
LaTeX Font Info:    Redeclaring font encoding OML on input line 712.
LaTeX Font Info:    Redeclaring font encoding OMS on input line 713.
\macc@depth=\count106
\c@MaxMatrixCols=\count107
\dotsspace@=\muskip11
\c@parentequation=\count108
\dspbrk@lvl=\count109
\tag@help=\toks19
\row@=\count110
\column@=\count111
\maxfields@=\count112
\andhelp@=\toks20
\eqnshift@=\dimen122
\alignsep@=\dimen123
\tagshift@=\dimen124
\tagwidth@=\dimen125
\totwidth@=\dimen126
\lineht@=\dimen127
\@envbody=\toks21
\multlinegap=\skip57
\multlinetaggap=\skip58
\mathdisplay@stack=\toks22
LaTeX Info: Redefining \[ on input line 2817.
LaTeX Info: Redefining \] on input line 2818.
)
(/usr/share/texlive/texmf-dist/tex/latex/amsfonts/amssymb.sty
Package: amssymb 2013/01/14 v3.01 AMS font symbols

(/usr/share/texlive/texmf-dist/tex/latex/amsfonts/amsfonts.sty
Package: amsfonts 2013/01/14 v3.01 Basic AMSFonts support
\symAMSa=\mathgroup4
\symAMSb=\mathgroup5
LaTeX Font Info:    Overwriting math alphabet `\mathfrak' in version `bold'
(Font)                  U/euf/m/n --> U/euf/b/n on input line 106.
))
(/usr/share/texlive/texmf-dist/tex/latex/mathtools/mathtools.sty
Package: mathtools 2017/05/24 v1.19 mathematical typesetting tools

(/usr/share/texlive/texmf-dist/tex/latex/tools/calc.sty
Package: calc 2014/10/28 v4.3 Infix arithmetic (KKT,FJ)
\calc@Acount=\count113
\calc@Bcount=\count114
\calc@Adimen=\dimen128
\calc@Bdimen=\dimen129
\calc@Askip=\skip59
\calc@Bskip=\skip60
LaTeX Info: Redefining \setlength on input line 80.
LaTeX Info: Redefining \addtolength on input line 81.
\calc@Ccount=\count115
\calc@Cskip=\skip61
)
(/usr/share/texlive/texmf-dist/tex/latex/mathtools/mhsetup.sty
Package: mhsetup 2017/03/31 v1.3 programming setup (MH)
)
LaTeX Info: Thecontrolsequence`\('isalreadyrobust on input line 129.
LaTeX Info: Thecontrolsequence`\)'isalreadyrobust on input line 129.
LaTeX Info: Thecontrolsequence`\['isalreadyrobust on input line 129.
LaTeX Info: Thecontrolsequence`\]'isalreadyrobust on input line 129.
\g_MT_multlinerow_int=\count116
\l_MT_multwidth_dim=\dimen130
\origjot=\skip62
\l_MT_shortvdotswithinadjustabove_dim=\dimen131
\l_MT_shortvdotswithinadjustbelow_dim=\dimen132
\l_MT_above_intertext_sep=\dimen133
\l_MT_below_intertext_sep=\dimen134
\l_MT_above_shortintertext_sep=\dimen135
\l_MT_below_shortintertext_sep=\dimen136
)
(/usr/share/texlive/texmf-dist/tex/latex/tools/tabularx.sty
Package: tabularx 2016/02/03 v2.11 `tabularx' package (DPC)
\TX@col@width=\dimen137
\TX@old@table=\dimen138
\TX@old@col=\dimen139
\TX@target=\dimen140
\TX@delta=\dimen141
\TX@cols=\count117
\TX@ftn=\toks23
)
(/usr/share/texlive/texmf-dist/tex/latex/float/float.sty
Package: float 2001/11/08 v1.3d Float enhancements (AL)
\c@float@type=\count118
\float@exts=\toks24
\float@box=\box28
\@float@everytoks=\toks25
\@floatcapt=\box29
)
(/usr/share/texlive/texmf-dist/tex/latex/caption/subcaption.sty
Package: subcaption 2016/05/22 v1.1-161 Sub-captions (AR)

(/usr/share/texlive/texmf-dist/tex/latex/caption/caption.sty
Package: caption 2016/02/21 v3.3-144 Customizing captions (AR)

(/usr/share/texlive/texmf-dist/tex/latex/caption/caption3.sty
Package: caption3 2016/05/22 v1.7-166 caption3 kernel (AR)
Package caption3 Info: TeX engine: e-TeX on input line 67.
\captionmargin=\dimen142
\captionmargin@=\dimen143
\captionwidth=\dimen144
\caption@tempdima=\dimen145
\caption@indent=\dimen146
\caption@parindent=\dimen147
\caption@hangindent=\dimen148
)
\c@ContinuedFloat=\count119
Package caption Info: float package is loaded.
Package caption Info: hyperref package is loaded.
)
\c@subfigure=\count120
\c@subtable=\count121
)
(/usr/share/texlive/texmf-dist/tex/latex/enumitem/enumitem.sty
Package: enumitem 2011/09/28 v3.5.2 Customized lists
\labelindent=\skip63
\enit@outerparindent=\dimen149
\enit@toks=\toks26
\enit@inbox=\box30
\enitdp@description=\count122
)
(/usr/share/texlive/texmf-dist/tex/latex/pgf/frontendlayer/tikz.sty
(/usr/share/texlive/texmf-dist/tex/latex/pgf/basiclayer/pgf.sty
(/usr/share/texlive/texmf-dist/tex/latex/pgf/utilities/pgfrcs.sty
(/usr/share/texlive/texmf-dist/tex/generic/pgf/utilities/pgfutil-common.tex
\pgfutil@everybye=\toks27
\pgfutil@tempdima=\dimen150
\pgfutil@tempdimb=\dimen151

(/usr/share/texlive/texmf-dist/tex/generic/pgf/utilities/pgfutil-common-lists.t
ex)) (/usr/share/texlive/texmf-dist/tex/generic/pgf/utilities/pgfutil-latex.def
\pgfutil@abb=\box31
(/usr/share/texlive/texmf-dist/tex/latex/ms/everyshi.sty
Package: everyshi 2001/05/15 v3.00 EveryShipout Package (MS)
))
(/usr/share/texlive/texmf-dist/tex/generic/pgf/utilities/pgfrcs.code.tex
Package: pgfrcs 2015/08/07 v3.0.1a (rcs-revision 1.31)
))
Package: pgf 2015/08/07 v3.0.1a (rcs-revision 1.15)

(/usr/share/texlive/texmf-dist/tex/latex/pgf/basiclayer/pgfcore.sty
(/usr/share/texlive/texmf-dist/tex/latex/pgf/systemlayer/pgfsys.sty
(/usr/share/texlive/texmf-dist/tex/generic/pgf/systemlayer/pgfsys.code.tex
Package: pgfsys 2014/07/09 v3.0.1a (rcs-revision 1.48)

(/usr/share/texlive/texmf-dist/tex/generic/pgf/utilities/pgfkeys.code.tex
\pgfkeys@pathtoks=\toks28
\pgfkeys@temptoks=\toks29

(/usr/share/texlive/texmf-dist/tex/generic/pgf/utilities/pgfkeysfiltered.code.t
ex
\pgfkeys@tmptoks=\toks30
))
\pgf@x=\dimen152
\pgf@y=\dimen153
\pgf@xa=\dimen154
\pgf@ya=\dimen155
\pgf@xb=\dimen156
\pgf@yb=\dimen157
\pgf@xc=\dimen158
\pgf@yc=\dimen159
\w@pgf@writea=\write3
\r@pgf@reada=\read1
\c@pgf@counta=\count123
\c@pgf@countb=\count124
\c@pgf@countc=\count125
\c@pgf@countd=\count126
\t@pgf@toka=\toks31
\t@pgf@tokb=\toks32
\t@pgf@tokc=\toks33
 (/usr/share/texlive/texmf-dist/tex/generic/pgf/systemlayer/pgf.cfg
File: pgf.cfg 2008/05/14  (rcs-revision 1.7)
)
Driver file for pgf: pgfsys-pdftex.def

(/usr/share/texlive/texmf-dist/tex/generic/pgf/systemlayer/pgfsys-pdftex.def
File: pgfsys-pdftex.def 2014/10/11  (rcs-revision 1.35)

(/usr/share/texlive/texmf-dist/tex/generic/pgf/systemlayer/pgfsys-common-pdf.de
f
File: pgfsys-common-pdf.def 2013/10/10  (rcs-revision 1.13)
)))
(/usr/share/texlive/texmf-dist/tex/generic/pgf/systemlayer/pgfsyssoftpath.code.
tex
File: pgfsyssoftpath.code.tex 2013/09/09  (rcs-revision 1.9)
\pgfsyssoftpath@smallbuffer@items=\count127
\pgfsyssoftpath@bigbuffer@items=\count128
)
(/usr/share/texlive/texmf-dist/tex/generic/pgf/systemlayer/pgfsysprotocol.code.
tex
File: pgfsysprotocol.code.tex 2006/10/16  (rcs-revision 1.4)
))
(/usr/share/texlive/texmf-dist/tex/generic/pgf/basiclayer/pgfcore.code.tex
Package: pgfcore 2010/04/11 v3.0.1a (rcs-revision 1.7)

(/usr/share/texlive/texmf-dist/tex/generic/pgf/math/pgfmath.code.tex
(/usr/share/texlive/texmf-dist/tex/generic/pgf/math/pgfmathcalc.code.tex
(/usr/share/texlive/texmf-dist/tex/generic/pgf/math/pgfmathutil.code.tex)
(/usr/share/texlive/texmf-dist/tex/generic/pgf/math/pgfmathparser.code.tex
\pgfmath@dimen=\dimen160
\pgfmath@count=\count129
\pgfmath@box=\box32
\pgfmath@toks=\toks34
\pgfmath@stack@operand=\toks35
\pgfmath@stack@operation=\toks36
)
(/usr/share/texlive/texmf-dist/tex/generic/pgf/math/pgfmathfunctions.code.tex
(/usr/share/texlive/texmf-dist/tex/generic/pgf/math/pgfmathfunctions.basic.code
.tex)
(/usr/share/texlive/texmf-dist/tex/generic/pgf/math/pgfmathfunctions.trigonomet
ric.code.tex)
(/usr/share/texlive/texmf-dist/tex/generic/pgf/math/pgfmathfunctions.random.cod
e.tex)
(/usr/share/texlive/texmf-dist/tex/generic/pgf/math/pgfmathfunctions.comparison
.code.tex)
(/usr/share/texlive/texmf-dist/tex/generic/pgf/math/pgfmathfunctions.base.code.
tex)
(/usr/share/texlive/texmf-dist/tex/generic/pgf/math/pgfmathfunctions.round.code
.tex)
(/usr/share/texlive/texmf-dist/tex/generic/pgf/math/pgfmathfunctions.misc.code.
tex)
(/usr/share/texlive/texmf-dist/tex/generic/pgf/math/pgfmathfunctions.integerari
thmetics.code.tex)))
(/usr/share/texlive/texmf-dist/tex/generic/pgf/math/pgfmathfloat.code.tex
\c@pgfmathroundto@lastzeros=\count130
))
(/usr/share/texlive/texmf-dist/tex/generic/pgf/basiclayer/pgfcorepoints.code.te
x
File: pgfcorepoints.code.tex 2013/10/07  (rcs-revision 1.27)
\pgf@picminx=\dimen161
\pgf@picmaxx=\dimen162
\pgf@picminy=\dimen163
\pgf@picmaxy=\dimen164
\pgf@pathminx=\dimen165
\pgf@pathmaxx=\dimen166
\pgf@pathminy=\dimen167
\pgf@pathmaxy=\dimen168
\pgf@xx=\dimen169
\pgf@xy=\dimen170
\pgf@yx=\dimen171
\pgf@yy=\dimen172
\pgf@zx=\dimen173
\pgf@zy=\dimen174
)
(/usr/share/texlive/texmf-dist/tex/generic/pgf/basiclayer/pgfcorepathconstruct.
code.tex
File: pgfcorepathconstruct.code.tex 2013/10/07  (rcs-revision 1.29)
\pgf@path@lastx=\dimen175
\pgf@path@lasty=\dimen176
)
(/usr/share/texlive/texmf-dist/tex/generic/pgf/basiclayer/pgfcorepathusage.code
.tex
File: pgfcorepathusage.code.tex 2014/11/02  (rcs-revision 1.24)
\pgf@shorten@end@additional=\dimen177
\pgf@shorten@start@additional=\dimen178
)
(/usr/share/texlive/texmf-dist/tex/generic/pgf/basiclayer/pgfcorescopes.code.te
x
File: pgfcorescopes.code.tex 2015/05/08  (rcs-revision 1.46)
\pgfpic=\box33
\pgf@hbox=\box34
\pgf@layerbox@main=\box35
\pgf@picture@serial@count=\count131
)
(/usr/share/texlive/texmf-dist/tex/generic/pgf/basiclayer/pgfcoregraphicstate.c
ode.tex
File: pgfcoregraphicstate.code.tex 2014/11/02  (rcs-revision 1.12)
\pgflinewidth=\dimen179
)
(/usr/share/texlive/texmf-dist/tex/generic/pgf/basiclayer/pgfcoretransformation
s.code.tex
File: pgfcoretransformations.code.tex 2015/08/07  (rcs-revision 1.20)
\pgf@pt@x=\dimen180
\pgf@pt@y=\dimen181
\pgf@pt@temp=\dimen182
)
(/usr/share/texlive/texmf-dist/tex/generic/pgf/basiclayer/pgfcorequick.code.tex
File: pgfcorequick.code.tex 2008/10/09  (rcs-revision 1.3)
)
(/usr/share/texlive/texmf-dist/tex/generic/pgf/basiclayer/pgfcoreobjects.code.t
ex
File: pgfcoreobjects.code.tex 2006/10/11  (rcs-revision 1.2)
)
(/usr/share/texlive/texmf-dist/tex/generic/pgf/basiclayer/pgfcorepathprocessing
.code.tex
File: pgfcorepathprocessing.code.tex 2013/09/09  (rcs-revision 1.9)
)
(/usr/share/texlive/texmf-dist/tex/generic/pgf/basiclayer/pgfcorearrows.code.te
x
File: pgfcorearrows.code.tex 2015/05/14  (rcs-revision 1.43)
\pgfarrowsep=\dimen183
)
(/usr/share/texlive/texmf-dist/tex/generic/pgf/basiclayer/pgfcoreshade.code.tex
File: pgfcoreshade.code.tex 2013/07/15  (rcs-revision 1.15)
\pgf@max=\dimen184
\pgf@sys@shading@range@num=\count132
)
(/usr/share/texlive/texmf-dist/tex/generic/pgf/basiclayer/pgfcoreimage.code.tex
File: pgfcoreimage.code.tex 2013/07/15  (rcs-revision 1.18)

(/usr/share/texlive/texmf-dist/tex/generic/pgf/basiclayer/pgfcoreexternal.code.
tex
File: pgfcoreexternal.code.tex 2014/07/09  (rcs-revision 1.21)
\pgfexternal@startupbox=\box36
))
(/usr/share/texlive/texmf-dist/tex/generic/pgf/basiclayer/pgfcorelayers.code.te
x
File: pgfcorelayers.code.tex 2013/07/18  (rcs-revision 1.7)
)
(/usr/share/texlive/texmf-dist/tex/generic/pgf/basiclayer/pgfcoretransparency.c
ode.tex
File: pgfcoretransparency.code.tex 2013/09/30  (rcs-revision 1.5)
)
(/usr/share/texlive/texmf-dist/tex/generic/pgf/basiclayer/pgfcorepatterns.code.
tex
File: pgfcorepatterns.code.tex 2013/11/07  (rcs-revision 1.5)
)))
(/usr/share/texlive/texmf-dist/tex/generic/pgf/modules/pgfmoduleshapes.code.tex
File: pgfmoduleshapes.code.tex 2014/03/21  (rcs-revision 1.35)
\pgfnodeparttextbox=\box37
) (/usr/share/texlive/texmf-dist/tex/generic/pgf/modules/pgfmoduleplot.code.tex
File: pgfmoduleplot.code.tex 2015/08/03  (rcs-revision 1.13)
)
(/usr/share/texlive/texmf-dist/tex/latex/pgf/compatibility/pgfcomp-version-0-65
.sty
Package: pgfcomp-version-0-65 2007/07/03 v3.0.1a (rcs-revision 1.7)
\pgf@nodesepstart=\dimen185
\pgf@nodesepend=\dimen186
)
(/usr/share/texlive/texmf-dist/tex/latex/pgf/compatibility/pgfcomp-version-1-18
.sty
Package: pgfcomp-version-1-18 2007/07/23 v3.0.1a (rcs-revision 1.1)
)) (/usr/share/texlive/texmf-dist/tex/latex/pgf/utilities/pgffor.sty
(/usr/share/texlive/texmf-dist/tex/latex/pgf/utilities/pgfkeys.sty
(/usr/share/texlive/texmf-dist/tex/generic/pgf/utilities/pgfkeys.code.tex))
(/usr/share/texlive/texmf-dist/tex/latex/pgf/math/pgfmath.sty
(/usr/share/texlive/texmf-dist/tex/generic/pgf/math/pgfmath.code.tex))
(/usr/share/texlive/texmf-dist/tex/generic/pgf/utilities/pgffor.code.tex
Package: pgffor 2013/12/13 v3.0.1a (rcs-revision 1.25)

(/usr/share/texlive/texmf-dist/tex/generic/pgf/math/pgfmath.code.tex)
\pgffor@iter=\dimen187
\pgffor@skip=\dimen188
\pgffor@stack=\toks37
\pgffor@toks=\toks38
))
(/usr/share/texlive/texmf-dist/tex/generic/pgf/frontendlayer/tikz/tikz.code.tex
Package: tikz 2015/08/07 v3.0.1a (rcs-revision 1.151)

(/usr/share/texlive/texmf-dist/tex/generic/pgf/libraries/pgflibraryplothandlers
.code.tex
File: pgflibraryplothandlers.code.tex 2013/08/31 v3.0.1a (rcs-revision 1.20)
\pgf@plot@mark@count=\count133
\pgfplotmarksize=\dimen189
)
\tikz@lastx=\dimen190
\tikz@lasty=\dimen191
\tikz@lastxsaved=\dimen192
\tikz@lastysaved=\dimen193
\tikzleveldistance=\dimen194
\tikzsiblingdistance=\dimen195
\tikz@figbox=\box38
\tikz@figbox@bg=\box39
\tikz@tempbox=\box40
\tikz@tempbox@bg=\box41
\tikztreelevel=\count134
\tikznumberofchildren=\count135
\tikznumberofcurrentchild=\count136
\tikz@fig@count=\count137

(/usr/share/texlive/texmf-dist/tex/generic/pgf/modules/pgfmodulematrix.code.tex
File: pgfmodulematrix.code.tex 2013/09/17  (rcs-revision 1.8)
\pgfmatrixcurrentrow=\count138
\pgfmatrixcurrentcolumn=\count139
\pgf@matrix@numberofcolumns=\count140
)
\tikz@expandcount=\count141

(/usr/share/texlive/texmf-dist/tex/generic/pgf/frontendlayer/tikz/libraries/tik
zlibrarytopaths.code.tex
File: tikzlibrarytopaths.code.tex 2008/06/17 v3.0.1a (rcs-revision 1.2)
)))
(/usr/share/texlive/texmf-dist/tex/generic/pgf/libraries/pgflibraryarrows.meta.
code.tex
File: pgflibraryarrows.meta.code.tex 2015/05/13 v3.0.1a (rcs-revision 1.13)
\pgfarrowinset=\dimen196
\pgfarrowlength=\dimen197
\pgfarrowwidth=\dimen198
\pgfarrowlinewidth=\dimen199
)
(/usr/share/texlive/texmf-dist/tex/generic/pgf/frontendlayer/tikz/libraries/tik
zlibrarypositioning.code.tex
File: tikzlibrarypositioning.code.tex 2008/10/06 v3.0.1a (rcs-revision 1.7)
)
(/usr/share/texlive/texmf-dist/tex/generic/pgf/frontendlayer/tikz/libraries/tik
zlibraryshapes.geometric.code.tex
File: tikzlibraryshapes.geometric.code.tex 2008/01/09 v3.0.1a (rcs-revision 1.1
)

(/usr/share/texlive/texmf-dist/tex/generic/pgf/libraries/shapes/pgflibraryshape
s.geometric.code.tex
File: pgflibraryshapes.geometric.code.tex 2008/06/26 v3.0.1a (rcs-revision 1.1)

))
(/usr/share/texlive/texmf-dist/tex/latex/booktabs/booktabs.sty
Package: booktabs 2016/04/27 v1.618033 publication quality tables
\heavyrulewidth=\dimen256
\lightrulewidth=\dimen257
\cmidrulewidth=\dimen258
\belowrulesep=\dimen259
\belowbottomsep=\dimen260
\aboverulesep=\dimen261
\abovetopsep=\dimen262
\cmidrulesep=\dimen263
\cmidrulekern=\dimen264
\defaultaddspace=\dimen265
\@cmidla=\count142
\@cmidlb=\count143
\@aboverulesep=\dimen266
\@belowrulesep=\dimen267
\@thisruleclass=\count144
\@lastruleclass=\count145
\@thisrulewidth=\dimen268
)
(/usr/share/texlive/texmf-dist/tex/latex/multirow/multirow.sty
Package: multirow 2016/11/25 v2.2 Span multiple rows of a table
\multirow@colwidth=\skip64
\multirow@cntb=\count146
\multirow@dima=\skip65
\bigstrutjot=\dimen269
)) (./main.aux)
\openout1 = `main.aux'.

LaTeX Font Info:    Checking defaults for OML/cmm/m/it on input line 5.
LaTeX Font Info:    ... okay on input line 5.
LaTeX Font Info:    Checking defaults for T1/cmr/m/n on input line 5.
LaTeX Font Info:    ... okay on input line 5.
LaTeX Font Info:    Checking defaults for OT1/cmr/m/n on input line 5.
LaTeX Font Info:    ... okay on input line 5.
LaTeX Font Info:    Checking defaults for OMS/cmsy/m/n on input line 5.
LaTeX Font Info:    ... okay on input line 5.
LaTeX Font Info:    Checking defaults for OMX/cmex/m/n on input line 5.
LaTeX Font Info:    ... okay on input line 5.
LaTeX Font Info:    Checking defaults for U/cmr/m/n on input line 5.
LaTeX Font Info:    ... okay on input line 5.
LaTeX Font Info:    Checking defaults for PD1/pdf/m/n on input line 5.
LaTeX Font Info:    ... okay on input line 5.

*geometry* driver: auto-detecting
*geometry* detected driver: pdftex
*geometry* verbose mode - [ preamble ] result:
* driver: pdftex
* paper: a4paper
* layout: <same size as paper>
* layoutoffset:(h,v)=(0.0pt,0.0pt)
* modes: 
* h-part:(L,W,R)=(57.81621pt, 481.87546pt, 57.81621pt)
* v-part:(T,H,B)=(57.81621pt, 729.41443pt, 57.81621pt)
* \paperwidth=597.50787pt
* \paperheight=845.04684pt
* \textwidth=481.87546pt
* \textheight=729.41443pt
* \oddsidemargin=-14.45378pt
* \evensidemargin=-14.45378pt
* \topmargin=-51.45378pt
* \headheight=12.0pt
* \headsep=25.0pt
* \topskip=11.0pt
* \footskip=30.0pt
* \marginparwidth=59.0pt
* \marginparsep=10.0pt
* \columnsep=10.0pt
* \skip\footins=10.0pt plus 4.0pt minus 2.0pt
* \hoffset=0.0pt
* \voffset=0.0pt
* \mag=1000
* \@twocolumnfalse
* \@twosidefalse
* \@mparswitchfalse
* \@reversemarginfalse
* (1in=72.27pt=25.4mm, 1cm=28.453pt)

(/usr/share/texlive/texmf-dist/tex/context/base/mkii/supp-pdf.mkii
[Loading MPS to PDF converter (version 2006.09.02).]
\scratchcounter=\count147
\scratchdimen=\dimen270
\scratchbox=\box42
\nofMPsegments=\count148
\nofMParguments=\count149
\everyMPshowfont=\toks39
\MPscratchCnt=\count150
\MPscratchDim=\dimen271
\MPnumerator=\count151
\makeMPintoPDFobject=\count152
\everyMPtoPDFconversion=\toks40
) (/usr/share/texlive/texmf-dist/tex/latex/oberdiek/epstopdf-base.sty
Package: epstopdf-base 2016/05/15 v2.6 Base part for package epstopdf

(/usr/share/texlive/texmf-dist/tex/latex/oberdiek/grfext.sty
Package: grfext 2016/05/16 v1.2 Manage graphics extensions (HO)
)
Package epstopdf-base Info: Redefining graphics rule for `.eps' on input line 4
38.
Package grfext Info: Graphics extension search list:
(grfext)             [.pdf,.png,.jpg,.jpeg,.svg.png,.eps]
(grfext)             \AppendGraphicsExtensions on input line 456.

(/usr/share/texlive/texmf-dist/tex/latex/latexconfig/epstopdf-sys.cfg
File: epstopdf-sys.cfg 2010/07/13 v1.3 Configuration of (r)epstopdf for TeX Liv
e
))
\AtBeginShipoutBox=\box43
Package hyperref Info: Link coloring OFF on input line 5.

(/usr/share/texlive/texmf-dist/tex/latex/hyperref/nameref.sty
Package: nameref 2016/05/21 v2.44 Cross-referencing by name of section

(/usr/share/texlive/texmf-dist/tex/generic/oberdiek/gettitlestring.sty
Package: gettitlestring 2016/05/16 v1.5 Cleanup title references (HO)
)
\c@section@level=\count153
)
LaTeX Info: Redefining \ref on input line 5.
LaTeX Info: Redefining \pageref on input line 5.
LaTeX Info: Redefining \nameref on input line 5.

(./main.out) (./main.out)
\@outlinefile=\write4
\openout4 = `main.out'.

Package caption Info: Begin \AtBeginDocument code.
Package caption Info: End \AtBeginDocument code.
 ABD: EveryShipout initializing macros
<Fig/old/Northwestern_University_seal.svg.png, id=119, 963.6pt x 963.6pt>
File: Fig/old/Northwestern_University_seal.svg.png Graphic file (type png)
<use Fig/old/Northwestern_University_seal.svg.png>
Package pdftex.def Info: Fig/old/Northwestern_University_seal.svg.png  used on 
input line 29. on input line 29.
Package pdftex.def Info: Requested size: 95.60344pt x 95.60106pt on input line 
29.
 [1

{/usr/share/texlive/texmf-dist/fonts/map/pdftex/updmap/pdftex.map} <./Fig/old/N
orthwestern_University_seal.svg.png>] (./main.toc
LaTeX Font Info:    Try loading font information for U+msa on input line 12.

(/usr/share/texlive/texmf-dist/tex/latex/amsfonts/umsa.fd
File: umsa.fd 2013/01/14 v3.01 AMS symbols A
)
LaTeX Font Info:    Try loading font information for U+msb on input line 12.

(/usr/share/texlive/texmf-dist/tex/latex/amsfonts/umsb.fd
File: umsb.fd 2013/01/14 v3.01 AMS symbols B
))
\tf@toc=\write5
\openout5 = `main.toc'.



Package Fancyhdr Warning: \headheight is too small (12.0pt): 
 Make it at least 13.59999pt.
 We now make it that large for the rest of the document.
 This may cause the page layout to be inconsistent, however.

File: Fig/old/Northwestern_University_seal.svg.png Graphic file (type png)
<use Fig/old/Northwestern_University_seal.svg.png>
Package pdftex.def Info: Fig/old/Northwestern_University_seal.svg.png  used on 
input line 36. on input line 36.
Package pdftex.def Info: Requested size: 95.60344pt x 95.60106pt on input line 
36.
[1] (./main.lof)
\tf@lof=\write6
\openout6 = `main.lof'.

 (./main.lot)
\tf@lot=\write7
\openout7 = `main.lot'.



Package Fancyhdr Warning: \headheight is too small (12.0pt): 
 Make it at least 13.59999pt.
 We now make it that large for the rest of the document.
 This may cause the page layout to be inconsistent, however.

File: Fig/old/Northwestern_University_seal.svg.png Graphic file (type png)
<use Fig/old/Northwestern_University_seal.svg.png>
Package pdftex.def Info: Fig/old/Northwestern_University_seal.svg.png  used on 
input line 39. on input line 39.
Package pdftex.def Info: Requested size: 95.60344pt x 95.60106pt on input line 
39.
[2] (./tex/00_exec_summary.tex
LaTeX Font Info:    Try loading font information for OMS+cmr on input line 11.

(/usr/share/texlive/texmf-dist/tex/latex/base/omscmr.fd
File: omscmr.fd 2014/09/29 v2.5h Standard LaTeX font definitions
)
LaTeX Font Info:    Font shape `OMS/cmr/m/n' in size <10.95> not available
(Font)              Font shape `OMS/cmsy/m/n' tried instead on input line 11.

Overfull \hbox (49.03755pt too wide) in paragraph at lines 17--18
[]\OT1/cmr/m/n/10.95 ASIC: \OT1/cmr/bx/n/10.95 200 MHz\OT1/cmr/m/n/10.95 , \OT1
/cmr/bx/n/10.95 14.5 FPS \OT1/cmr/m/n/10.95 @ 720$\OMS/cmsy/m/n/10.95 ^^B$\OT1/
cmr/m/n/10.95 720 $\OML/cmm/m/it/10.95 ^^V$\OT1/cmr/m/n/10.95 m$[]$, \OT1/cmr/b
x/n/10.95 96.3 mW\OT1/cmr/m/n/10.95 , \OT1/cmr/bx/n/10.95 6.63 $\OML/cmm/m/it/1
0.95 ^^V$\OT1/cmr/bx/n/10.95 J/inference\OT1/cmr/m/n/10.95 , DRC/connectivity/a
ntenna
 []

) (./tex/01_intro.tex
<Fig/old/mobile_face_net_visualize.png, id=235, 568.1225pt x 294.09875pt>
File: Fig/old/mobile_face_net_visualize.png Graphic file (type png)
<use Fig/old/mobile_face_net_visualize.png>
Package pdftex.def Info: Fig/old/mobile_face_net_visualize.png  used on input l
ine 15. on input line 15.
Package pdftex.def Info: Requested size: 457.78021pt x 236.98907pt on input lin
e 15.


Package Fancyhdr Warning: \headheight is too small (12.0pt): 
 Make it at least 13.59999pt.
 We now make it that large for the rest of the document.
 This may cause the page layout to be inconsistent, however.

File: Fig/old/Northwestern_University_seal.svg.png Graphic file (type png)
<use Fig/old/Northwestern_University_seal.svg.png>
Package pdftex.def Info: Fig/old/Northwestern_University_seal.svg.png  used on 
input line 19. on input line 19.
Package pdftex.def Info: Requested size: 95.60344pt x 95.60106pt on input line 
19.
pdfTeX warning (ext4): destination with the same identifier (name{page.1}) has 
been already used, duplicate ignored
<to be read again> 
                   \relax 
l.19 
      [1]) (./tex/02_model.tex

Package Fancyhdr Warning: \headheight is too small (12.0pt): 
 Make it at least 13.59999pt.
 We now make it that large for the rest of the document.
 This may cause the page layout to be inconsistent, however.

File: Fig/old/Northwestern_University_seal.svg.png Graphic file (type png)
<use Fig/old/Northwestern_University_seal.svg.png>
Package pdftex.def Info: Fig/old/Northwestern_University_seal.svg.png  used on 
input line 38. on input line 38.
Package pdftex.def Info: Requested size: 95.60344pt x 95.60106pt on input line 
38.
[2 <./Fig/old/mobile_face_net_visualize.png>]

Package Fancyhdr Warning: \headheight is too small (12.0pt): 
 Make it at least 13.59999pt.
 We now make it that large for the rest of the document.
 This may cause the page layout to be inconsistent, however.

File: Fig/old/Northwestern_University_seal.svg.png Graphic file (type png)
<use Fig/old/Northwestern_University_seal.svg.png>
Package pdftex.def Info: Fig/old/Northwestern_University_seal.svg.png  used on 
input line 98. on input line 98.
Package pdftex.def Info: Requested size: 95.60344pt x 95.60106pt on input line 
98.
[3]) (./tex/02_broader.tex) (./tex/03_constraints.tex

Package Fancyhdr Warning: \headheight is too small (12.0pt): 
 Make it at least 13.59999pt.
 We now make it that large for the rest of the document.
 This may cause the page layout to be inconsistent, however.

File: Fig/old/Northwestern_University_seal.svg.png Graphic file (type png)
<use Fig/old/Northwestern_University_seal.svg.png>
Package pdftex.def Info: Fig/old/Northwestern_University_seal.svg.png  used on 
input line 33. on input line 33.
Package pdftex.def Info: Requested size: 95.60344pt x 95.60106pt on input line 
33.
[4]) (./tex/04_0_hw_architecture.tex (./tex/04_1_hw_overview.tex
Underfull \hbox (badness 10000) in paragraph at lines 27--27
[]|\OT1/cmr/m/n/10.95 12$\OMS/cmsy/m/n/10.95 ^^B$\OT1/cmr/m/n/10.95 12 = 144-MA
C output-
 []


Underfull \hbox (badness 2126) in paragraph at lines 27--27
[]|\OT1/cmr/m/n/10.95 Combinational ROM (syn-the-sised
 []


Package Fancyhdr Warning: \headheight is too small (12.0pt): 
 Make it at least 13.59999pt.
 We now make it that large for the rest of the document.
 This may cause the page layout to be inconsistent, however.

File: Fig/old/Northwestern_University_seal.svg.png Graphic file (type png)
<use Fig/old/Northwestern_University_seal.svg.png>
Package pdftex.def Info: Fig/old/Northwestern_University_seal.svg.png  used on 
input line 29. on input line 29.
Package pdftex.def Info: Requested size: 95.60344pt x 95.60106pt on input line 
29.
[5]) (./tex/04_2_0_frontend.tex (./tex/04_2_1_asic_frontend.tex
Overfull \hbox (33.85612pt too wide) in paragraph at lines 19--20
[]\OT1/cmr/bx/n/10.95 Pointwise / stan-dard mode \OT1/cmr/m/n/10.95 (\OT1/cmtt/
m/n/10.95 dw[]mode=0\OT1/cmr/m/n/10.95 ): each row com-putes the 12-tap dot pro
d-uct $[][] [][\OML/cmm/m/it/10.95 c\OT1/cmr/m/n/10.95 ] \OMS/cmsy/m/n/10.95 ^^
A
 []


Underfull \hbox (badness 10000) in paragraph at lines 40--40
\OT1/cmr/m/n/10.95 matches SA
 []


Underfull \hbox (badness 10000) in paragraph at lines 40--40
\OT1/cmr/m/n/10.95 output-channel
 []


Underfull \hbox (badness 10000) in paragraph at lines 40--40
\OT1/cmr/m/n/10.95 par-tial sums
 []


Underfull \hbox (badness 10000) in paragraph at lines 40--40
[]|\OT1/cmr/m/n/10.95 content fixed
 []


Underfull \hbox (badness 1152) in paragraph at lines 40--40
\OT1/cmr/m/n/10.95 read ports for
 []


Underfull \hbox (badness 10000) in paragraph at lines 40--40
[]|\OT1/cmr/m/n/10.95 small, value-
 []


Underfull \hbox (badness 10000) in paragraph at lines 40--40
[]|\OT1/cmr/m/n/10.95 one 64-bit
 []


Underfull \hbox (badness 6493) in paragraph at lines 40--40
\OT1/cmr/m/n/10.95 de-scrip-tor per
 []


Package Fancyhdr Warning: \headheight is too small (12.0pt): 
 Make it at least 13.59999pt.
 We now make it that large for the rest of the document.
 This may cause the page layout to be inconsistent, however.

File: Fig/old/Northwestern_University_seal.svg.png Graphic file (type png)
<use Fig/old/Northwestern_University_seal.svg.png>
Package pdftex.def Info: Fig/old/Northwestern_University_seal.svg.png  used on 
input line 42. on input line 42.
Package pdftex.def Info: Requested size: 95.60344pt x 95.60106pt on input line 
42.
[6]) (./tex/04_2_2_fpga_frontend.tex
<Fig/old/systolic_arr_block_diagram.png, id=304, 499.8675pt x 288.07625pt>
File: Fig/old/systolic_arr_block_diagram.png Graphic file (type png)
<use Fig/old/systolic_arr_block_diagram.png>
Package pdftex.def Info: Fig/old/systolic_arr_block_diagram.png  used on input 
line 15. on input line 15.
Package pdftex.def Info: Requested size: 457.78021pt x 263.82893pt on input lin
e 15.


Package Fancyhdr Warning: \headheight is too small (12.0pt): 
 Make it at least 13.59999pt.
 We now make it that large for the rest of the document.
 This may cause the page layout to be inconsistent, however.

File: Fig/old/Northwestern_University_seal.svg.png Graphic file (type png)
<use Fig/old/Northwestern_University_seal.svg.png>
Package pdftex.def Info: Fig/old/Northwestern_University_seal.svg.png  used on 
input line 19. on input line 19.
Package pdftex.def Info: Requested size: 95.60344pt x 95.60106pt on input line 
19.
[7])) (./tex/04_3_0_backend.tex (./tex/04_3_1_asic_backend.tex

Package Fancyhdr Warning: \headheight is too small (12.0pt): 
 Make it at least 13.59999pt.
 We now make it that large for the rest of the document.
 This may cause the page layout to be inconsistent, however.

File: Fig/old/Northwestern_University_seal.svg.png Graphic file (type png)
<use Fig/old/Northwestern_University_seal.svg.png>
Package pdftex.def Info: Fig/old/Northwestern_University_seal.svg.png  used on 
input line 8. on input line 8.
Package pdftex.def Info: Requested size: 95.60344pt x 95.60106pt on input line 
8.
[8 <./Fig/old/systolic_arr_block_diagram.png>]
<Fig/mfn_v3_pr.png, id=330, 694.595pt x 690.58pt>
File: Fig/mfn_v3_pr.png Graphic file (type png)
<use Fig/mfn_v3_pr.png>
Package pdftex.def Info: Fig/mfn_v3_pr.png  used on input line 57. on input lin
e 57.
Package pdftex.def Info: Requested size: 231.29816pt x 229.95743pt on input lin
e 57.
<Fig/mfn_v3_pr_part.png, id=331, 695.59875pt x 683.55376pt>
File: Fig/mfn_v3_pr_part.png Graphic file (type png)
<use Fig/mfn_v3_pr_part.png>
Package pdftex.def Info: Fig/mfn_v3_pr_part.png  used on input line 64. on inpu
t line 64.
Package pdftex.def Info: Requested size: 231.29816pt x 227.28398pt on input lin
e 64.


Package Fancyhdr Warning: \headheight is too small (12.0pt): 
 Make it at least 13.59999pt.
 We now make it that large for the rest of the document.
 This may cause the page layout to be inconsistent, however.

File: Fig/old/Northwestern_University_seal.svg.png Graphic file (type png)
<use Fig/old/Northwestern_University_seal.svg.png>
Package pdftex.def Info: Fig/old/Northwestern_University_seal.svg.png  used on 
input line 71. on input line 71.
Package pdftex.def Info: Requested size: 95.60344pt x 95.60106pt on input line 
71.
[9]
<Fig/mfn_v3_pr_postCTS.png, id=337, 568.1225pt x 640.3925pt>
File: Fig/mfn_v3_pr_postCTS.png Graphic file (type png)
<use Fig/mfn_v3_pr_postCTS.png>
Package pdftex.def Info: Fig/mfn_v3_pr_postCTS.png  used on input line 78. on i
nput line 78.
Package pdftex.def Info: Requested size: 385.50183pt x 434.55238pt on input lin
e 78.
<Fig/mfn_v3_pr_clocks_tree.png, id=338, 1573.88pt x 434.62375pt>
File: Fig/mfn_v3_pr_clocks_tree.png Graphic file (type png)
<use Fig/mfn_v3_pr_clocks_tree.png>
Package pdftex.def Info: Fig/mfn_v3_pr_clocks_tree.png  used on input line 84. 
on input line 84.
Package pdftex.def Info: Requested size: 385.50183pt x 106.4539pt on input line
 84.


Package Fancyhdr Warning: \headheight is too small (12.0pt): 
 Make it at least 13.59999pt.
 We now make it that large for the rest of the document.
 This may cause the page layout to be inconsistent, however.

File: Fig/old/Northwestern_University_seal.svg.png Graphic file (type png)
<use Fig/old/Northwestern_University_seal.svg.png>
Package pdftex.def Info: Fig/old/Northwestern_University_seal.svg.png  used on 
input line 91. on input line 91.
Package pdftex.def Info: Requested size: 95.60344pt x 95.60106pt on input line 
91.
[10 <./Fig/mfn_v3_pr.png> <./Fig/mfn_v3_pr_part.png>]

Package Fancyhdr Warning: \headheight is too small (12.0pt): 
 Make it at least 13.59999pt.
 We now make it that large for the rest of the document.
 This may cause the page layout to be inconsistent, however.

File: Fig/old/Northwestern_University_seal.svg.png Graphic file (type png)
<use Fig/old/Northwestern_University_seal.svg.png>
Package pdftex.def Info: Fig/old/Northwestern_University_seal.svg.png  used on 
input line 105. on input line 105.
Package pdftex.def Info: Requested size: 95.60344pt x 95.60106pt on input line 
105.
[11 <./Fig/mfn_v3_pr_postCTS.png> <./Fig/mfn_v3_pr_clocks_tree.png>]
<Fig/mfn_v3_pr_timing.png, id=358, 655.44875pt x 434.62375pt>
File: Fig/mfn_v3_pr_timing.png Graphic file (type png)
<use Fig/mfn_v3_pr_timing.png>
Package pdftex.def Info: Fig/mfn_v3_pr_timing.png  used on input line 113. on i
nput line 113.
Package pdftex.def Info: Requested size: 231.29816pt x 153.374pt on input line 
113.
<Fig/mfn_v3_pr_clocks.png, id=359, 711.65875pt x 312.16624pt>
File: Fig/mfn_v3_pr_clocks.png Graphic file (type png)
<use Fig/mfn_v3_pr_clocks.png>
Package pdftex.def Info: Fig/mfn_v3_pr_clocks.png  used on input line 120. on i
nput line 120.
Package pdftex.def Info: Requested size: 231.29816pt x 101.45758pt on input lin
e 120.
<Fig/mfn_v3_pr_opstRoute.png, id=360, 587.19376pt x 622.325pt>
File: Fig/mfn_v3_pr_opstRoute.png Graphic file (type png)
<use Fig/mfn_v3_pr_opstRoute.png>
Package pdftex.def Info: Fig/mfn_v3_pr_opstRoute.png  used on input line 132. o
n input line 132.
Package pdftex.def Info: Requested size: 231.29816pt x 245.13672pt on input lin
e 132.
<Fig/mfn_v3_pr_area.png, id=361, 413.545pt x 242.9075pt>
File: Fig/mfn_v3_pr_area.png Graphic file (type png)
<use Fig/mfn_v3_pr_area.png>
Package pdftex.def Info: Fig/mfn_v3_pr_area.png  used on input line 139. on inp
ut line 139.
Package pdftex.def Info: Requested size: 231.29816pt x 135.86047pt on input lin
e 139.
<Fig/mfn_v3_pr_power.png, id=362, 498.86375pt x 130.4875pt>
File: Fig/mfn_v3_pr_power.png Graphic file (type png)
<use Fig/mfn_v3_pr_power.png>
Package pdftex.def Info: Fig/mfn_v3_pr_power.png  used on input line 149. on in
put line 149.
Package pdftex.def Info: Requested size: 337.31134pt x 88.23254pt on input line
 149.
)
(./tex/04_3_2_fpga_backend.tex

Package Fancyhdr Warning: \headheight is too small (12.0pt): 
 Make it at least 13.59999pt.
 We now make it that large for the rest of the document.
 This may cause the page layout to be inconsistent, however.

File: Fig/old/Northwestern_University_seal.svg.png Graphic file (type png)
<use Fig/old/Northwestern_University_seal.svg.png>
Package pdftex.def Info: Fig/old/Northwestern_University_seal.svg.png  used on 
input line 5. on input line 5.
Package pdftex.def Info: Requested size: 95.60344pt x 95.60106pt on input line 
5.
[12 <./Fig/mfn_v3_pr_timing.png> <./Fig/mfn_v3_pr_clocks.png> <./Fig/mfn_v3_pr_
opstRoute.png> <./Fig/mfn_v3_pr_area.png>]
Overfull \hbox (6.79999pt too wide) in paragraph at lines 19--20
[] 
 []

))) (./tex/05_optimization.tex
<Fig/mfn_v1_pr.png, id=375, 696.6025pt x 678.535pt>
File: Fig/mfn_v1_pr.png Graphic file (type png)
<use Fig/mfn_v1_pr.png>
Package pdftex.def Info: Fig/mfn_v1_pr.png  used on input line 16. on input lin
e 16.
Package pdftex.def Info: Requested size: 149.3802pt x 145.4991pt on input line 
16.
<Fig/mfn_v2_pr.png, id=376, 737.75626pt x 668.4975pt>
File: Fig/mfn_v2_pr.png Graphic file (type png)
<use Fig/mfn_v2_pr.png>
Package pdftex.def Info: Fig/mfn_v2_pr.png  used on input line 23. on input lin
e 23.
Package pdftex.def Info: Requested size: 149.3802pt x 135.3496pt on input line 
23.
File: Fig/mfn_v3_pr.png Graphic file (type png)
<use Fig/mfn_v3_pr.png>
Package pdftex.def Info: Fig/mfn_v3_pr.png  used on input line 30. on input lin
e 30.
Package pdftex.def Info: Requested size: 149.3802pt x 148.51395pt on input line
 30.
<Fig/mfn_v2_pr_part.png, id=377, 740.7675pt x 671.50874pt>
File: Fig/mfn_v2_pr_part.png Graphic file (type png)
<use Fig/mfn_v2_pr_part.png>
Package pdftex.def Info: Fig/mfn_v2_pr_part.png  used on input line 42. on inpu
t line 42.
Package pdftex.def Info: Requested size: 231.29816pt x 209.67178pt on input lin
e 42.
File: Fig/mfn_v3_pr_part.png Graphic file (type png)
<use Fig/mfn_v3_pr_part.png>
Package pdftex.def Info: Fig/mfn_v3_pr_part.png  used on input line 49. on inpu
t line 49.
Package pdftex.def Info: Requested size: 231.29816pt x 227.28398pt on input lin
e 49.


Package Fancyhdr Warning: \headheight is too small (12.0pt): 
 Make it at least 13.59999pt.
 We now make it that large for the rest of the document.
 This may cause the page layout to be inconsistent, however.

File: Fig/old/Northwestern_University_seal.svg.png Graphic file (type png)
<use Fig/old/Northwestern_University_seal.svg.png>
Package pdftex.def Info: Fig/old/Northwestern_University_seal.svg.png  used on 
input line 56. on input line 56.
Package pdftex.def Info: Requested size: 95.60344pt x 95.60106pt on input line 
56.
[13 <./Fig/mfn_v3_pr_power.png> <./Fig/mfn_v1_pr.png> <./Fig/mfn_v2_pr.png>]
Underfull \hbox (badness 10000) in paragraph at lines 76--76
[]|\OT1/cmr/m/n/10.95 single 9-MAC dot-
 []


Underfull \hbox (badness 6910) in paragraph at lines 76--76
[]|\OT1/cmr/m/n/10.95 CLA + Stage 3 SA
 []


Underfull \hbox (badness 10000) in paragraph at lines 76--76
[]|\OT1/cmr/m/n/10.95 + Open-RAM SRAM
 []


Underfull \hbox (badness 10000) in paragraph at lines 76--76
[]|\OT1/cmr/m/n/10.95 + Open-RAM SRAM
 []


Underfull \hbox (badness 10000) in paragraph at lines 76--76
[]|\OT1/cmr/m/n/10.95 + Open-RAM SRAM
 []


Package Fancyhdr Warning: \headheight is too small (12.0pt): 
 Make it at least 13.59999pt.
 We now make it that large for the rest of the document.
 This may cause the page layout to be inconsistent, however.

File: Fig/old/Northwestern_University_seal.svg.png Graphic file (type png)
<use Fig/old/Northwestern_University_seal.svg.png>
Package pdftex.def Info: Fig/old/Northwestern_University_seal.svg.png  used on 
input line 101. on input line 101.
Package pdftex.def Info: Requested size: 95.60344pt x 95.60106pt on input line 
101.
[14 <./Fig/mfn_v2_pr_part.png>]) (./tex/06_standards.tex
Overfull \hbox (6.79999pt too wide) in paragraph at lines 118--4
[]
 []


Underfull \hbox (badness 10000) in paragraph at lines 118--4

 []


Underfull \hbox (badness 2495) in paragraph at lines 31--31
[]|\OT1/cmr/m/n/10.95 All RTL mod-ules (syn-the-sis-able
 []


Underfull \hbox (badness 10000) in paragraph at lines 31--31
[]|\OT1/cmr/m/n/10.95 OpenRAM-emitted SRAM be-
 []


Underfull \hbox (badness 2221) in paragraph at lines 31--31
[]|\OT1/cmr/m/n/10.95 Standard-cell + SRAM phys-i-cal
 []


Underfull \hbox (badness 1565) in paragraph at lines 31--31
\OT1/cmr/m/n/10.95 ab-stracts; In-novus floor-plan im-
 []


Underfull \hbox (badness 6204) in paragraph at lines 31--31
[]|\OT1/cmr/m/n/10.95 192$\OMS/cmsy/m/n/10.95 ^^B$\OT1/cmr/m/n/10.95 64 act[]bu
f, 512$\OMS/cmsy/m/n/10.95 ^^B$\OT1/cmr/m/n/10.95 40 psum
 []


Package Fancyhdr Warning: \headheight is too small (12.0pt): 
 Make it at least 13.59999pt.
 We now make it that large for the rest of the document.
 This may cause the page layout to be inconsistent, however.

File: Fig/old/Northwestern_University_seal.svg.png Graphic file (type png)
<use Fig/old/Northwestern_University_seal.svg.png>
Package pdftex.def Info: Fig/old/Northwestern_University_seal.svg.png  used on 
input line 33. on input line 33.
Package pdftex.def Info: Requested size: 95.60344pt x 95.60106pt on input line 
33.
[15]) (./tex/07_0_verification.tex
Overfull \hbox (46.66617pt too wide) in paragraph at lines 34--7
\OT1/cmtt/m/n/10.95 assert\OT1/cmr/m/n/10.95 , no $\OML/cmm/m/it/10.95 dynamic$
\OT1/cmr/m/n/10.95 , no \OT1/cmtt/m/n/10.95 class\OT1/cmr/m/n/10.95 , lim-ited 
use of \OT1/cmtt/m/n/10.95 interface\OT1/cmr/m/n/10.95 ). All cell tim-ing chec
ks (setup/hold/recovery/removal)
 []

(./tex/07_1_verify_flow.tex) (./tex/07_2_asic_verify.tex

Package Fancyhdr Warning: \headheight is too small (12.0pt): 
 Make it at least 13.59999pt.
 We now make it that large for the rest of the document.
 This may cause the page layout to be inconsistent, however.

File: Fig/old/Northwestern_University_seal.svg.png Graphic file (type png)
<use Fig/old/Northwestern_University_seal.svg.png>
Package pdftex.def Info: Fig/old/Northwestern_University_seal.svg.png  used on 
input line 4. on input line 4.
Package pdftex.def Info: Requested size: 95.60344pt x 95.60106pt on input line 
4.
[16]) (./tex/07_3_fpga_verify.tex
Overfull \hbox (6.79999pt too wide) in paragraph at lines 19--20
[] 
 []

)) (./tex/08_ethical.tex

Package Fancyhdr Warning: \headheight is too small (12.0pt): 
 Make it at least 13.59999pt.
 We now make it that large for the rest of the document.
 This may cause the page layout to be inconsistent, however.

File: Fig/old/Northwestern_University_seal.svg.png Graphic file (type png)
<use Fig/old/Northwestern_University_seal.svg.png>
Package pdftex.def Info: Fig/old/Northwestern_University_seal.svg.png  used on 
input line 8. on input line 8.
Package pdftex.def Info: Requested size: 95.60344pt x 95.60106pt on input line 
8.
[17]
Underfull \hbox (badness 1975) in paragraph at lines 25--25
\OT1/cmr/m/n/10.95 this ac-cel-er-a-tor does not ad-dress
 []

) (./tex/09_conclusion.tex
Underfull \hbox (badness 10000) in alignment at lines 25--25
[][][][][] 
 []


Package Fancyhdr Warning: \headheight is too small (12.0pt): 
 Make it at least 13.59999pt.
 We now make it that large for the rest of the document.
 This may cause the page layout to be inconsistent, however.

File: Fig/old/Northwestern_University_seal.svg.png Graphic file (type png)
<use Fig/old/Northwestern_University_seal.svg.png>
Package pdftex.def Info: Fig/old/Northwestern_University_seal.svg.png  used on 
input line 27. on input line 27.
Package pdftex.def Info: Requested size: 95.60344pt x 95.60106pt on input line 
27.
[18]) (./main.bbl

Package Fancyhdr Warning: \headheight is too small (12.0pt): 
 Make it at least 13.59999pt.
 We now make it that large for the rest of the document.
 This may cause the page layout to be inconsistent, however.

File: Fig/old/Northwestern_University_seal.svg.png Graphic file (type png)
<use Fig/old/Northwestern_University_seal.svg.png>
Package pdftex.def Info: Fig/old/Northwestern_University_seal.svg.png  used on 
input line 19. on input line 19.
Package pdftex.def Info: Requested size: 95.60344pt x 95.60106pt on input line 
19.
[19])

Package Fancyhdr Warning: \headheight is too small (12.0pt): 
 Make it at least 13.59999pt.
 We now make it that large for the rest of the document.
 This may cause the page layout to be inconsistent, however.

File: Fig/old/Northwestern_University_seal.svg.png Graphic file (type png)
<use Fig/old/Northwestern_University_seal.svg.png>
Package pdftex.def Info: Fig/old/Northwestern_University_seal.svg.png  used on 
input line 74. on input line 74.
Package pdftex.def Info: Requested size: 95.60344pt x 95.60106pt on input line 
74.
[20]
Package atveryend Info: Empty hook `BeforeClearDocument' on input line 74.
Package atveryend Info: Empty hook `AfterLastShipout' on input line 74.
 (./main.aux)
Package atveryend Info: Executing hook `AtVeryEndDocument' on input line 74.
Package atveryend Info: Executing hook `AtEndAfterFileList' on input line 74.
Package rerunfilecheck Info: File `main.out' has not changed.
(rerunfilecheck)             Checksum: 9F95BC8ACF4DBE5240DD4210CD865F8B;2050.
Package atveryend Info: Empty hook `AtVeryVeryEnd' on input line 74.
 ) 
Here is how much of TeX's memory you used:
 19995 strings out of 494917
 374996 string characters out of 6180700
 458977 words of memory out of 5000000
 22745 multiletter control sequences out of 15000+600000
 14704 words of font info for 57 fonts, out of 8000000 for 9000
 14 hyphenation exceptions out of 8191
 57i,18n,67p,1023b,797s stack positions out of 5000i,500n,10000p,200000b,80000s
</usr/share/texlive/texmf-dist/fonts/type1/public/amsfonts/cm/cmbx10.pfb></us
r/share/texlive/texmf-dist/fonts/type1/public/amsfonts/cm/cmbx12.pfb></usr/shar
e/texlive/texmf-dist/fonts/type1/public/amsfonts/cm/cmbxti10.pfb></usr/share/te
xlive/texmf-dist/fonts/type1/public/amsfonts/cm/cmex10.pfb></usr/share/texlive/
texmf-dist/fonts/type1/public/amsfonts/cm/cmitt10.pfb></usr/share/texlive/texmf
-dist/fonts/type1/public/amsfonts/cm/cmmi10.pfb></usr/share/texlive/texmf-dist/
fonts/type1/public/amsfonts/cm/cmmi8.pfb></usr/share/texlive/texmf-dist/fonts/t
ype1/public/amsfonts/cm/cmr10.pfb></usr/share/texlive/texmf-dist/fonts/type1/pu
blic/amsfonts/cm/cmr12.pfb></usr/share/texlive/texmf-dist/fonts/type1/public/am
sfonts/cm/cmr7.pfb></usr/share/texlive/texmf-dist/fonts/type1/public/amsfonts/c
m/cmr8.pfb></usr/share/texlive/texmf-dist/fonts/type1/public/amsfonts/cm/cmsy10
.pfb></usr/share/texlive/texmf-dist/fonts/type1/public/amsfonts/cm/cmti10.pfb><
/usr/share/texlive/texmf-dist/fonts/type1/public/amsfonts/cm/cmti12.pfb></usr/s
hare/texlive/texmf-dist/fonts/type1/public/amsfonts/cm/cmtt10.pfb></usr/share/t
exlive/texmf-dist/fonts/type1/public/amsfonts/symbols/msam10.pfb>
Output written on main.pdf (23 pages, 2370912 bytes).
PDF statistics:
 513 PDF objects out of 1000 (max. 8388607)
 437 compressed objects within 5 object streams
 118 named destinations out of 1000 (max. 500000)
 312 words of extra memory for PDF output out of 10000 (max. 10000000)

